Microchip MPLAB XC8 Compiler V2.45

Linker command line:

-W-3 \
  --edf=C:\Program Files\Microchip\xc8\v2.45\pic\dat\20230818022343_en.msgs \
  -cn -h+dist/default/debug\interfacing_projects.debug.sym \
  --cmf=dist/default/debug\interfacing_projects.debug.cmf -z -Q18F4620 \
  -oC:\Users\mstfy\AppData\Local\Temp\xcAsbq4.\driver_tmp_3.o \
  --defsym=__MPLAB_BUILD=1 --fixupoverflow=error \
  -Mdist/default/debug/interfacing_projects.debug.map \
  --md=C:\Users\mstfy\AppData\Local\Temp\xcAsbq4.\driver_tmp_0.dat -E1 \
  -ver=XC8 Compiler --acfsm=1493 -ACODE=00h-0FFFFh -ACONST=00h-0FFFFh \
  -ASMALLCONST=01000h-010FFhx240 -AMEDIUMCONST=01000h-0FFFFh \
  -ACOMRAM=01h-07Fh -AABS1=00h-0F7Fh -ABIGRAM=01h-0F7Fh \
  -ARAM=080h-0FFh,0100h-01FFhx14,0F00h-0F7Fh -ABANK0=080h-0FFh \
  -ABANK1=0100h-01FFh -ABANK2=0200h-02FFh -ABANK3=0300h-03FFh \
  -ABANK4=0400h-04FFh -ABANK5=0500h-05FFh -ABANK6=0600h-06FFh \
  -ABANK7=0700h-07FFh -ABANK8=0800h-08FFh -ABANK9=0900h-09FFh \
  -ABANK10=0A00h-0AFFh -ABANK11=0B00h-0BFFh -ABANK12=0C00h-0CFFh \
  -ABANK13=0D00h-0DFFh -ABANK14=0E00h-0EFFh -ABANK15=0F00h-0F7Fh \
  -ASFR=0F80h-0FFFh -ABIGSFR=0F80h-0FFFh -ACONFIG=0300000h-030000Dh \
  -AIDLOC=0200000h-0200007h -AEEDATA=0F00000h-0F003FFh -peeprom_data=EEDATA \
  -preset_vec=00h,intcode=08h,intcodelo,powerup,init -pramtop=01000h \
  -psmallconst=SMALLCONST -pmediumconst=MEDIUMCONST -pconst=CONST \
  -AFARRAM=00h-00h \
  -prdata=COMRAM,nvrram=COMRAM,nvbit=COMRAM,rbss=COMRAM,rbit=COMRAM \
  -pfarbss=FARRAM,fardata=FARRAM,nvFARRAM=FARRAM \
  -pintsave_regs=BIGRAM,bigbss=BIGRAM,bigdata=BIGRAM -pbss=RAM \
  -pidata=CODE,irdata=CODE,ibigdata=CODE,ifardata=CODE -prparam=COMRAM \
  C:\Users\mstfy\AppData\Local\Temp\xcAsbq4.\driver_tmp_14.o \
  dist/default/debug\interfacing_projects.debug.o 

Object code version is 3.11

Machine type is 18F4620



                Name                               Link     Load   Length Selector   Space Scale
C:\Users\mstfy\AppData\Local\Temp\xcAsbq4.\driver_tmp_14.o
                config                           300000   300000        E        0       4
                init                                  E        E        4        4       0
                reset_vec                             0        0        4        0       0
dist/default/debug\interfacing_projects.debug.o
                intcode                               8        8        6        4       0
                config                           300000   300000        E        0       4
                temp                                 7B       7B        1        1       1
                smallconst                         1000     1000       5C      800       0
                text55                             2938     2938        4     13D2       0
                text54                             2934     2934        4     13D2       0
                text53                             2930     2930        4     13D2       0
                text52                             293E     293E        2     13D2       0
                text51                             292C     292C        4     13D2       0
                text50                             2928     2928        4     13D2       0
                text49                             2924     2924        4     13D2       0
                text48                             2920     2920        4     13D2       0
                text47                             291C     291C        4     13D2       0
                text46                             2918     2918        4     13D2       0
                text45                             2914     2914        4     13D2       0
                text44                             28AE     28AE       1A     13D2       0
                text43                             2894     2894       1A     13D2       0
                text42                             287A     287A       1A     13D2       0
                text41                             2860     2860       1A     13D2       0
                text40                             2900     2900        C     13D2       0
                text39                             28F4     28F4        C     13D2       0
                text38                             290C     290C        8     13D2       0
                text37                             28E8     28E8        C     13D2       0
                intcode_body                       105C     105C      406      82E       0
                text35                             26A2     26A2       36      82E       0
                text34                             28D8     28D8       10     13D2       0
                text33                             2668     2668       3A      82E       0
                text32                             1902     1902      126      82E       0
                text31                             1A28     1A28      110      82E       0
                text30                             23FA     23FA       5E      82E       0
                text29                             232E     232E       6A      82E       0
                text28                             22C0     22C0       6E      82E       0
                text27                             25EC     25EC       40      82E       0
                text26                             24B4     24B4       5C      82E       0
                text25                             1C26     1C26       E6      82E       0
                text24                             224E     224E       72      82E       0
                text23                             27D4     27D4       30     13D2       0
                text22                             2740     2740       32      82E       0
                text21                             27A4     27A4       30     13D2       0
                text20                             1DE4     1DE4       C4      82E       0
                text19                             1EA8     1EA8       B0      82E       0
                text18                             270C     270C       34      82E       0
                text17                             293C     293C        2     13D2       0
                text16                             1F58     1F58       AA      82E       0
                text15                             1740     1740      1C2      82E       0
                text14                             25AC     25AC       40      82E       0
                text13                             26D8     26D8       34      82E       0
                text12                             256A     256A       42      82E       0
                text11                             2002     2002       A4      82E       0
                text10                             1B38     1B38       EE      82E       0
                text9                              2458     2458       5C      82E       0
                text8                              20A6     20A6       9C      82E       0
                text7                              262C     262C       3C      82E       0
                text6                              1D0C     1D0C       D8      82E       0
                text5                              2510     2510       5A      82E       0
                text4                              2142     2142       96      82E       0
                text3                              21D8     21D8       76      82E       0
                text2                              2832     2832       2E     13D2       0
                text1                              2804     2804       2E     13D2       0
                text0                              1462     1462      2DE      82E       0
                cstackCOMRAM                         3C       3C       2F        1       1
                cstackBANK0                          F3       F3        4       80       1
                dataBANK0                            C2       C2       31       80       1
                bssBANK0                             80       80       42       80       1
                dataCOMRAM                           6B       6B       10        1       1
                bssCOMRAM                             1        1       3B        1       1
                cinit                              2398     2398       62      82E       0
                idataBANK0                         2772     2772       31      82E       0
                idataCOMRAM                        28C8     28C8       10     13D2       0

TOTAL           Name                               Link     Load   Length     Space
        CLASS   CODE           
                intcode                               8        8        6         0
                init                                  E        E        4         0
                reset_vec                             0        0        4         0
                text55                             2938     2938        4         0
                text54                             2934     2934        4         0
                text53                             2930     2930        4         0
                text52                             293E     293E        2         0
                text51                             292C     292C        4         0
                text50                             2928     2928        4         0
                text49                             2924     2924        4         0
                text48                             2920     2920        4         0
                text47                             291C     291C        4         0
                text46                             2918     2918        4         0
                text45                             2914     2914        4         0
                text44                             28AE     28AE       1A         0
                text43                             2894     2894       1A         0
                text42                             287A     287A       1A         0
                text41                             2860     2860       1A         0
                text40                             2900     2900        C         0
                text39                             28F4     28F4        C         0
                text38                             290C     290C        8         0
                text37                             28E8     28E8        C         0
                intcode_body                       105C     105C      406         0
                text35                             26A2     26A2       36         0
                text34                             28D8     28D8       10         0
                text33                             2668     2668       3A         0
                text32                             1902     1902      126         0
                text31                             1A28     1A28      110         0
                text30                             23FA     23FA       5E         0
                text29                             232E     232E       6A         0
                text28                             22C0     22C0       6E         0
                text27                             25EC     25EC       40         0
                text26                             24B4     24B4       5C         0
                text25                             1C26     1C26       E6         0
                text24                             224E     224E       72         0
                text23                             27D4     27D4       30         0
                text22                             2740     2740       32         0
                text21                             27A4     27A4       30         0
                text20                             1DE4     1DE4       C4         0
                text19                             1EA8     1EA8       B0         0
                text18                             270C     270C       34         0
                text17                             293C     293C        2         0
                text16                             1F58     1F58       AA         0
                text15                             1740     1740      1C2         0
                text14                             25AC     25AC       40         0
                text13                             26D8     26D8       34         0
                text12                             256A     256A       42         0
                text11                             2002     2002       A4         0
                text10                             1B38     1B38       EE         0
                text9                              2458     2458       5C         0
                text8                              20A6     20A6       9C         0
                text7                              262C     262C       3C         0
                text6                              1D0C     1D0C       D8         0
                text5                              2510     2510       5A         0
                text4                              2142     2142       96         0
                text3                              21D8     21D8       76         0
                text2                              2832     2832       2E         0
                text1                              2804     2804       2E         0
                text0                              1462     1462      2DE         0
                cinit                              2398     2398       62         0
                idataBANK0                         2772     2772       31         0
                idataCOMRAM                        28C8     28C8       10         0

        CLASS   CONST          

        CLASS   SMALLCONST     
                smallconst                         1000     1000       5C         0

        CLASS   MEDIUMCONST    

        CLASS   COMRAM         
                temp                                 7B       7B        1         1
                cstackCOMRAM                         3C       3C       2F         1
                dataCOMRAM                           6B       6B       10         1
                bssCOMRAM                             1        1       3B         1

        CLASS   ABS1           

        CLASS   BIGRAM         

        CLASS   RAM            

        CLASS   BANK0          
                cstackBANK0                          F3       F3        4         1
                dataBANK0                            C2       C2       31         1
                bssBANK0                             80       80       42         1

        CLASS   BANK1          

        CLASS   BANK2          

        CLASS   BANK3          

        CLASS   BANK4          

        CLASS   BANK5          

        CLASS   BANK6          

        CLASS   BANK7          

        CLASS   BANK8          

        CLASS   BANK9          

        CLASS   BANK10         

        CLASS   BANK11         

        CLASS   BANK12         

        CLASS   BANK13         

        CLASS   BANK14         

        CLASS   BANK15         

        CLASS   SFR            

        CLASS   BIGSFR         

        CLASS   CONFIG         
                config                           300000   300000        E         4

        CLASS   IDLOC          

        CLASS   EEDATA         

        CLASS   FARRAM         

        CLASS   HEAP           

        CLASS   STACK          



SEGMENTS        Name                           Load    Length   Top    Selector   Space  Class

                reset_vec                      000000  000004  000004         0       0  CODE    
                bssCOMRAM                      000001  00007B  00007C         1       1  COMRAM  
                intcode                        000008  00000A  000012         4       0  CODE    
                bssBANK0                       000080  000077  0000F7        80       1  BANK0   
                smallconst                     001000  00005C  00105C       800       0  SMALLCON
                intcode_body                   00105C  001747  0027A3       82E       0  CODE    
                text21                         0027A4  00019C  002940      13D2       0  CODE    


UNUSED ADDRESS RANGES

        Name                Unused          Largest block    Delta
        BANK0            0000F7-0000FF                9
        BANK1            000100-0001FF              100
        BANK10           000A00-000AFF              100
        BANK11           000B00-000BFF              100
        BANK12           000C00-000CFF              100
        BANK13           000D00-000DFF              100
        BANK14           000E00-000EFF              100
        BANK15           000F00-000F7F               80
        BANK2            000200-0002FF              100
        BANK3            000300-0003FF              100
        BANK4            000400-0004FF              100
        BANK5            000500-0005FF              100
        BANK6            000600-0006FF              100
        BANK7            000700-0007FF              100
        BANK8            000800-0008FF              100
        BANK9            000900-0009FF              100
        BIGRAM           00007C-00007F                4
                         0000F7-000F7F              E89
        BIGSFR           000F80-000FFF               80
        CODE             000004-000007                4
                         000012-000FFF              FEE
                         0027A3-0027A3                1
                         002940-00FFFF             D6C0
        COMRAM           00007C-00007F                4
        CONST            000004-000007                4
                         000012-000FFF              FEE
                         0027A3-0027A3                1
                         002940-00FFFF             D6C0
        EEDATA           F00000-F003FF              400
        IDLOC            200000-200007                8
        MEDIUMCONST      0027A3-0027A3                1
                         002940-00FFFF             D6C0
        RAM              0000F7-000F7F              100
        SFR              000F80-000FFF               80
        SMALLCONST       0027A3-0027A3                1
                         002940-00FFFF              100

                                  Symbol Table

?___awdiv                                 cstackCOMRAM 00003D
?___awmod                                 cstackCOMRAM 00003D
?_abs                                     cstackCOMRAM 000043
?_sprintf                                 cstackCOMRAM 000056
?_vfprintf                                cstackCOMRAM 000052
EEPROM_Read_Data@S_Add                    cstackCOMRAM 00003D
EEPROM_Read_Data@ddata                    cstackCOMRAM 00003F
EEPROM_Write_Data@Global_Interrupt_Statue cstackCOMRAM 000040
EEPROM_Write_Data@S_Add                   cstackCOMRAM 00003D
EEPROM_Write_Data@ddata                   cstackCOMRAM 00003F
RB4_ISR@RB4_source                        cstackCOMRAM 00003C
RB5_ISR@RB5_source                        cstackCOMRAM 00003C
RB6_ISR@RB6_source                        cstackCOMRAM 00003C
RB7_ISR@RB7_source                        cstackCOMRAM 00003C
_ADCON0bits                               (abs)        000FC2
_ADCON1bits                               (abs)        000FC1
_ADCON2bits                               (abs)        000FC0
_ADC_INTERRUPT_HANDLERF                   bssCOMRAM    00002D
_ADC_ISR                                  text55       002938
_ADRESH                                   (abs)        000FC4
_ADRESL                                   (abs)        000FC3
_BAUDCONbits                              (abs)        000FB8
_CCP1CONbits                              (abs)        000FBD
_CCP1_INTERRUPT_HANDLERF                  bssCOMRAM    00002B
_CCP1_ISR                                 text54       002934
_CCP2CONbits                              (abs)        000FBA
_CCP2_INTERRUPT_HANDLERF                  bssCOMRAM    000029
_CCP2_ISR                                 text53       002930
_CCPR1H                                   (abs)        000FBF
_CCPR1L                                   (abs)        000FBE
_CCPR2H                                   (abs)        000FBC
_CCPR2L                                   (abs)        000FBB
_EEADR                                    (abs)        000FA9
_EEADRH                                   (abs)        000FAA
_EECON1bits                               (abs)        000FA6
_EECON2                                   (abs)        000FA7
_EEDATA                                   (abs)        000FA8
_EEPROM_Read_Data                         text35       0026A2
_EEPROM_Write_Data                        text33       002668
_EUSART_FRAMING_ERROR_INTERRUPT_HANDLERF  bssCOMRAM    000021
_EUSART_OVERRUN_ERROR_INTERRUPT_HANDLERF  bssCOMRAM    00001F
_EUSART_RX_ASY_ISR                        text52       00293E
_EUSART_RX_INTERRUPT_HANDLERF             bssCOMRAM    000023
_EUSART_TX_ASY_ISR                        text51       00292C
_EUSART_TX_INTERRUPT_HANDLERF             bssCOMRAM    000025
_I2C_BUS_COLLISION_ISR                    text50       002928
_I2C_INTERRUPT_HANDLERF                   bssBANK0     0000B4
_I2C_MODULE_TR_ISR                        text49       002924
_I2C_Receive_Overflow_IndicatoR_HANDLERF  bssBANK0     0000B6
_I2C_Write_Collision_HANDLERF             bssCOMRAM    000007
_INT0_ISR                                 text48       002920
_INT0_InterruptHandeler                   bssCOMRAM    00001D
_INT1_ISR                                 text47       00291C
_INT1_InterruptHandeler                   bssCOMRAM    00001B
_INT2_ISR                                 text46       002918
_INT2_InterruptHandeler                   bssCOMRAM    000019
_INTCON2bits                              (abs)        000FF1
_INTCON3bits                              (abs)        000FF0
_INTCONbits                               (abs)        000FF2
_InterruptManager                         intcode      000008
_LATA                                     (abs)        000F89
_LATB                                     (abs)        000F8A
_LATC                                     (abs)        000F8B
_LATD                                     (abs)        000F8C
_LATE                                     (abs)        000F8D
_MSSP_SPI_INTERRUPT_HANDLERF              bssBANK0     0000B2
_MSSP_Spi_ISR                             text45       002914
_PIE1bits                                 (abs)        000F9D
_PIE2bits                                 (abs)        000FA0
_PIR1bits                                 (abs)        000F9E
_PIR2bits                                 (abs)        000FA1
_PORTA                                    (abs)        000F80
_PORTB                                    (abs)        000F81
_PORTBbits                                (abs)        000F81
_PORTC                                    (abs)        000F82
_PORTD                                    (abs)        000F83
_PORTE                                    (abs)        000F84
_RB4_Flag                                 dataCOMRAM   000075
_RB4_ISR                                  text44       0028AE
_RB4_InterruptHandeler_High               bssCOMRAM    000017
_RB4_InterruptHandeler_Low                bssCOMRAM    000015
_RB5_Flag                                 dataCOMRAM   000074
_RB5_ISR                                  text43       002894
_RB5_InterruptHandeler_High               bssCOMRAM    000013
_RB5_InterruptHandeler_Low                bssCOMRAM    000011
_RB6_Flag                                 dataCOMRAM   000073
_RB6_ISR                                  text42       00287A
_RB6_InterruptHandeler_High               bssCOMRAM    00000F
_RB6_InterruptHandeler_Low                bssCOMRAM    00000D
_RB7_Flag                                 dataCOMRAM   000072
_RB7_ISR                                  text41       002860
_RB7_InterruptHandeler_High               bssCOMRAM    00000B
_RB7_InterruptHandeler_Low                bssCOMRAM    000009
_RCREG                                    (abs)        000FAE
_RCSTAbits                                (abs)        000FAB
_SPBRG                                    (abs)        000FAF
_SPBRGH                                   (abs)        000FB0
_SSPADD                                   (abs)        000FC8
_SSPBUF                                   (abs)        000FC9
_SSPCON1bits                              (abs)        000FC6
_SSPCON2bits                              (abs)        000FC5
_SSPSTATbits                              (abs)        000FC7
_Stored_password                          dataBANK0    0000E0
_T0CONbits                                (abs)        000FD5
_T1CONbits                                (abs)        000FCD
_T2CONbits                                (abs)        000FCA
_T3CONbits                                (abs)        000FB1
_TIMER0_INTERRUPPT                        bssBANK0     0000B0
_TIMER1_INTERRUPPT_HANDLERF               bssBANK0     0000AE
_TIMER3_INTERRUPT_HANDLERF                bssBANK0     0000AA
_TMR0H                                    (abs)        000FD7
_TMR0L                                    (abs)        000FD6
_TMR0_ISR                                 text40       002900
_TMR1H                                    (abs)        000FCF
_TMR1L                                    (abs)        000FCE
_TMR1_ISR                                 text39       0028F4
_TMR2                                     (abs)        000FCC
_TMR2_INTERRUPT_HANDLER                   bssBANK0     0000AC
_TMR2_ISR                                 text38       00290C
_TMR3H                                    (abs)        000FB3
_TMR3L                                    (abs)        000FB2
_TMR3_ISR                                 text37       0028E8
_TRISA                                    (abs)        000F92
_TRISB                                    (abs)        000F93
_TRISC                                    (abs)        000F94
_TRISCbits                                (abs)        000F94
_TRISD                                    (abs)        000F95
_TRISE                                    (abs)        000F96
_TXREG                                    (abs)        000FAD
_TXSTA1bits                               (abs)        000FAC
_TXSTAbits                                (abs)        000FAC
_Wait_to_Cycle                            text34       0028D8
__HRAM                                    (abs)        000000
__H__absolute__                           __absolute__ 000000
__Habs1                                   abs1         000000
__Hbank0                                  bank0        000000
__Hbank1                                  bank1        000000
__Hbank10                                 bank10       000000
__Hbank11                                 bank11       000000
__Hbank12                                 bank12       000000
__Hbank13                                 bank13       000000
__Hbank14                                 bank14       000000
__Hbank15                                 bank15       000000
__Hbank2                                  bank2        000000
__Hbank3                                  bank3        000000
__Hbank4                                  bank4        000000
__Hbank5                                  bank5        000000
__Hbank6                                  bank6        000000
__Hbank7                                  bank7        000000
__Hbank8                                  bank8        000000
__Hbank9                                  bank9        000000
__Hbigbss                                 bigbss       000000
__Hbigdata                                bigdata      000000
__Hbigram                                 bigram       000000
__Hbigsfr                                 bigsfr       000000
__Hbss                                    bss          000000
__HbssBANK0                               bssBANK0     000000
__HbssCOMRAM                              bssCOMRAM    000000
__Hcinit                                  cinit        000000
__Hclrtext                                clrtext      000000
__Hcomram                                 comram       000000
__Hconfig                                 config       30000E
__Hconst                                  const        000000
__HcstackBANK0                            cstackBANK0  000000
__HcstackCOMRAM                           cstackCOMRAM 000000
__Hdata                                   data         000000
__HdataBANK0                              dataBANK0    000000
__HdataCOMRAM                             dataCOMRAM   000000
__Heeprom_data                            eeprom_data  000000
__Hfarbss                                 farbss       000000
__Hfardata                                fardata      000000
__Hheap                                   heap         000000
__Hibigdata                               ibigdata     000000
__Hidata                                  idata        000000
__HidataBANK0                             idataBANK0   000000
__HidataCOMRAM                            idataCOMRAM  000000
__Hidloc                                  idloc        000000
__Hifardata                               ifardata     000000
__Hinit                                   init         000012
__Hintcode                                intcode      00000E
__Hintcode_body                           intcode_body 000000
__Hintcodelo                              intcodelo    00000E
__Hintentry                               intentry     000000
__Hintret                                 intret       000000
__Hintsave_regs                           intsave_regs 000000
__Hirdata                                 irdata       000000
__Hmediumconst                            mediumconst  000000
__HnvFARRAM                               nvFARRAM     000000
__Hnvbit                                  nvbit        000000
__Hnvrram                                 nvrram       000000
__Hparam                                  rparam       000000
__Hpowerup                                powerup      00000E
__Hram                                    ram          000000
__Hramtop                                 ramtop       001000
__Hrbit                                   rbit         000000
__Hrbss                                   rbss         000000
__Hrdata                                  rdata        000000
__Hreset_vec                              reset_vec    000004
__Hrparam                                 rparam       000000
__Hsfr                                    sfr          000000
__Hsmallconst                             smallconst   00105C
__Hspace_0                                (abs)        002940
__Hspace_1                                (abs)        0000F7
__Hspace_2                                (abs)        000000
__Hspace_4                                (abs)        60000E
__Hstack                                  stack        000000
__Hstruct                                 struct       000000
__Htemp                                   temp         00007C
__Htext                                   text         000000
__Htext0                                  text0        000000
__Htext1                                  text1        000000
__Htext10                                 text10       000000
__Htext11                                 text11       000000
__Htext12                                 text12       000000
__Htext13                                 text13       000000
__Htext14                                 text14       000000
__Htext15                                 text15       000000
__Htext16                                 text16       000000
__Htext17                                 text17       000000
__Htext18                                 text18       000000
__Htext19                                 text19       000000
__Htext2                                  text2        000000
__Htext20                                 text20       000000
__Htext21                                 text21       000000
__Htext22                                 text22       000000
__Htext23                                 text23       000000
__Htext24                                 text24       000000
__Htext25                                 text25       000000
__Htext26                                 text26       000000
__Htext27                                 text27       000000
__Htext28                                 text28       000000
__Htext29                                 text29       000000
__Htext3                                  text3        000000
__Htext30                                 text30       000000
__Htext31                                 text31       000000
__Htext32                                 text32       000000
__Htext33                                 text33       000000
__Htext34                                 text34       000000
__Htext35                                 text35       000000
__Htext37                                 text37       000000
__Htext38                                 text38       000000
__Htext39                                 text39       000000
__Htext4                                  text4        000000
__Htext40                                 text40       000000
__Htext41                                 text41       000000
__Htext42                                 text42       000000
__Htext43                                 text43       000000
__Htext44                                 text44       000000
__Htext45                                 text45       000000
__Htext46                                 text46       000000
__Htext47                                 text47       000000
__Htext48                                 text48       000000
__Htext49                                 text49       000000
__Htext5                                  text5        000000
__Htext50                                 text50       000000
__Htext51                                 text51       000000
__Htext52                                 text52       000000
__Htext53                                 text53       000000
__Htext54                                 text54       000000
__Htext55                                 text55       000000
__Htext6                                  text6        000000
__Htext7                                  text7        000000
__Htext8                                  text8        000000
__Htext9                                  text9        000000
__LRAM                                    (abs)        000001
__L__absolute__                           __absolute__ 000000
__Labs1                                   abs1         000000
__Lbank0                                  bank0        000000
__Lbank1                                  bank1        000000
__Lbank10                                 bank10       000000
__Lbank11                                 bank11       000000
__Lbank12                                 bank12       000000
__Lbank13                                 bank13       000000
__Lbank14                                 bank14       000000
__Lbank15                                 bank15       000000
__Lbank2                                  bank2        000000
__Lbank3                                  bank3        000000
__Lbank4                                  bank4        000000
__Lbank5                                  bank5        000000
__Lbank6                                  bank6        000000
__Lbank7                                  bank7        000000
__Lbank8                                  bank8        000000
__Lbank9                                  bank9        000000
__Lbigbss                                 bigbss       000000
__Lbigdata                                bigdata      000000
__Lbigram                                 bigram       000000
__Lbigsfr                                 bigsfr       000000
__Lbss                                    bss          000000
__LbssBANK0                               bssBANK0     000000
__LbssCOMRAM                              bssCOMRAM    000000
__Lcinit                                  cinit        000000
__Lclrtext                                clrtext      000000
__Lcomram                                 comram       000000
__Lconfig                                 config       000000
__Lconst                                  const        000000
__LcstackBANK0                            cstackBANK0  000000
__LcstackCOMRAM                           cstackCOMRAM 000000
__Ldata                                   data         000000
__LdataBANK0                              dataBANK0    000000
__LdataCOMRAM                             dataCOMRAM   000000
__Leeprom_data                            eeprom_data  000000
__Lfarbss                                 farbss       000000
__Lfardata                                fardata      000000
__Lheap                                   heap         000000
__Libigdata                               ibigdata     000000
__Lidata                                  idata        000000
__LidataBANK0                             idataBANK0   000000
__LidataCOMRAM                            idataCOMRAM  000000
__Lidloc                                  idloc        000000
__Lifardata                               ifardata     000000
__Linit                                   init         00000E
__Lintcode                                intcode      000008
__Lintcode_body                           intcode_body 000000
__Lintcodelo                              intcodelo    00000E
__Lintentry                               intentry     000000
__Lintret                                 intret       000000
__Lintsave_regs                           intsave_regs 000000
__Lirdata                                 irdata       000000
__Lmediumconst                            mediumconst  000000
__LnvFARRAM                               nvFARRAM     000000
__Lnvbit                                  nvbit        000000
__Lnvrram                                 nvrram       000000
__Lparam                                  rparam       000000
__Lpowerup                                powerup      00000E
__Lram                                    ram          000000
__Lramtop                                 ramtop       001000
__Lrbit                                   rbit         000000
__Lrbss                                   rbss         000000
__Lrdata                                  rdata        000000
__Lreset_vec                              reset_vec    000000
__Lrparam                                 rparam       000000
__Lsfr                                    sfr          000000
__Lsmallconst                             smallconst   001000
__Lspace_0                                (abs)        000000
__Lspace_1                                (abs)        000000
__Lspace_2                                (abs)        000000
__Lspace_4                                (abs)        000000
__Lstack                                  stack        000000
__Lstruct                                 struct       000000
__Ltemp                                   temp         00007B
__Ltext                                   text         000000
__Ltext0                                  text0        000000
__Ltext1                                  text1        000000
__Ltext10                                 text10       000000
__Ltext11                                 text11       000000
__Ltext12                                 text12       000000
__Ltext13                                 text13       000000
__Ltext14                                 text14       000000
__Ltext15                                 text15       000000
__Ltext16                                 text16       000000
__Ltext17                                 text17       000000
__Ltext18                                 text18       000000
__Ltext19                                 text19       000000
__Ltext2                                  text2        000000
__Ltext20                                 text20       000000
__Ltext21                                 text21       000000
__Ltext22                                 text22       000000
__Ltext23                                 text23       000000
__Ltext24                                 text24       000000
__Ltext25                                 text25       000000
__Ltext26                                 text26       000000
__Ltext27                                 text27       000000
__Ltext28                                 text28       000000
__Ltext29                                 text29       000000
__Ltext3                                  text3        000000
__Ltext30                                 text30       000000
__Ltext31                                 text31       000000
__Ltext32                                 text32       000000
__Ltext33                                 text33       000000
__Ltext34                                 text34       000000
__Ltext35                                 text35       000000
__Ltext37                                 text37       000000
__Ltext38                                 text38       000000
__Ltext39                                 text39       000000
__Ltext4                                  text4        000000
__Ltext40                                 text40       000000
__Ltext41                                 text41       000000
__Ltext42                                 text42       000000
__Ltext43                                 text43       000000
__Ltext44                                 text44       000000
__Ltext45                                 text45       000000
__Ltext46                                 text46       000000
__Ltext47                                 text47       000000
__Ltext48                                 text48       000000
__Ltext49                                 text49       000000
__Ltext5                                  text5        000000
__Ltext50                                 text50       000000
__Ltext51                                 text51       000000
__Ltext52                                 text52       000000
__Ltext53                                 text53       000000
__Ltext54                                 text54       000000
__Ltext55                                 text55       000000
__Ltext6                                  text6        000000
__Ltext7                                  text7        000000
__Ltext8                                  text8        000000
__Ltext9                                  text9        000000
__S0                                      (abs)        002940
__S1                                      (abs)        0000F7
__S4                                      (abs)        000000
__S5                                      (abs)        000000
___awdiv                                  text20       001DE4
___awdiv@counter                          cstackCOMRAM 000041
___awdiv@dividend                         cstackCOMRAM 00003D
___awdiv@divisor                          cstackCOMRAM 00003F
___awdiv@quotient                         cstackCOMRAM 000043
___awdiv@sign                             cstackCOMRAM 000042
___awmod                                  text19       001EA8
___awmod@counter                          cstackCOMRAM 000041
___awmod@dividend                         cstackCOMRAM 00003D
___awmod@divisor                          cstackCOMRAM 00003F
___awmod@sign                             cstackCOMRAM 000042
___heap_hi                                (abs)        000000
___heap_lo                                (abs)        000000
___inthi_sp                               stack        000000
___inthi_stack_hi                         stack        000000
___inthi_stack_lo                         stack        000000
___intlo_sp                               stack        000000
___intlo_stack_hi                         stack        000000
___intlo_stack_lo                         stack        000000
___param_bank                             (abs)        000000
___rparam_used                            (abs)        000001
___sp                                     stack        000000
___stack_hi                               stack        000000
___stack_lo                               stack        000000
__accesstop                               (abs)        000080
__activetblptr                            (abs)        000003
__end_of_ADC_ISR                          text55       00293C
__end_of_CCP1_ISR                         text54       002938
__end_of_CCP2_ISR                         text53       002934
__end_of_EEPROM_Read_Data                 text35       0026D8
__end_of_EEPROM_Write_Data                text33       0026A2
__end_of_EUSART_RX_ASY_ISR                text52       002940
__end_of_EUSART_TX_ASY_ISR                text51       002930
__end_of_I2C_BUS_COLLISION_ISR            text50       00292C
__end_of_I2C_MODULE_TR_ISR                text49       002928
__end_of_INT0_ISR                         text48       002924
__end_of_INT1_ISR                         text47       002920
__end_of_INT2_ISR                         text46       00291C
__end_of_InterruptManager                 intcode_body 001462
__end_of_MSSP_Spi_ISR                     text45       002918
__end_of_RB4_ISR                          text44       0028C8
__end_of_RB5_ISR                          text43       0028AE
__end_of_RB6_ISR                          text42       002894
__end_of_RB7_ISR                          text41       00287A
__end_of_TMR0_ISR                         text40       00290C
__end_of_TMR1_ISR                         text39       002900
__end_of_TMR2_ISR                         text38       002914
__end_of_TMR3_ISR                         text37       0028F4
__end_of_Wait_to_Cycle                    text34       0028E8
__end_of___awdiv                          text20       001EA8
__end_of___awmod                          text19       001F58
__end_of__initialization                  cinit        0023F0
__end_of_abs                              text18       002740
__end_of_app_initialize                   text22       002772
__end_of_convert_uint8_to_string          text12       0025AC
__end_of_fputc                            text16       002002
__end_of_gpio_pin_direction_intialize     text32       001A28
__end_of_gpio_pin_intialize               text30       002458
__end_of_gpio_pin_read_logic              text11       0020A6
__end_of_gpio_pin_write_logic             text31       001B38
__end_of_key_pad_get                      text6        001DE4
__end_of_keypad_get_value                 text10       001C26
__end_of_keypad_initialize                text29       002398
__end_of_keypad_values                    smallconst   001011
__end_of_lcd_4bit_initialize              text25       001D0C
__end_of_lcd_4bit_send_command            text26       002510
__end_of_lcd_4bit_send_data_char          text9        0024B4
__end_of_lcd_4bit_send_data_char_posit    text7        002668
__end_of_lcd_4bit_send_data_string        text5        00256A
__end_of_lcd_4bit_send_data_string_posit  text4        0021D8
__end_of_lcd_send_4bit_command_data       text28       00232E
__end_of_lcd_send_4bit_enable             text27       00262C
__end_of_lcd_set_cursor_4bit              text8        002142
__end_of_led_intalize                     text24       0022C0
__end_of_led_on                           text3        00224E
__end_of_main                             text0        001740
__end_of_memset                           text21       0027D4
__end_of_motor_initialize                 text23       002804
__end_of_motor_move_left                  text2        002860
__end_of_motor_move_right                 text1        002832
__end_of_putch                            text17       00293E
__end_of_sprintf                          text13       00270C
__end_of_vfpfcnvrt                        text15       001902
__end_of_vfprintf                         text14       0025EC
__initialization                          cinit        002398
__mediumconst                             mediumconst  000000
__pbssBANK0                               bssBANK0     000080
__pbssCOMRAM                              bssCOMRAM    000001
__pcinit                                  cinit        002398
__pcstackBANK0                            cstackBANK0  0000F3
__pcstackCOMRAM                           cstackCOMRAM 00003C
__pdataBANK0                              dataBANK0    0000C2
__pdataCOMRAM                             dataCOMRAM   00006B
__pidataBANK0                             idataBANK0   002772
__pidataCOMRAM                            idataCOMRAM  0028C8
__pintcode                                intcode      000008
__pintcode_body                           intcode_body 00105C
__psmallconst                             smallconst   001000
__ptext0                                  text0        001462
__ptext1                                  text1        002804
__ptext10                                 text10       001B38
__ptext11                                 text11       002002
__ptext12                                 text12       00256A
__ptext13                                 text13       0026D8
__ptext14                                 text14       0025AC
__ptext15                                 text15       001740
__ptext16                                 text16       001F58
__ptext17                                 text17       00293C
__ptext18                                 text18       00270C
__ptext19                                 text19       001EA8
__ptext2                                  text2        002832
__ptext20                                 text20       001DE4
__ptext21                                 text21       0027A4
__ptext22                                 text22       002740
__ptext23                                 text23       0027D4
__ptext24                                 text24       00224E
__ptext25                                 text25       001C26
__ptext26                                 text26       0024B4
__ptext27                                 text27       0025EC
__ptext28                                 text28       0022C0
__ptext29                                 text29       00232E
__ptext3                                  text3        0021D8
__ptext30                                 text30       0023FA
__ptext31                                 text31       001A28
__ptext32                                 text32       001902
__ptext33                                 text33       002668
__ptext34                                 text34       0028D8
__ptext35                                 text35       0026A2
__ptext37                                 text37       0028E8
__ptext38                                 text38       00290C
__ptext39                                 text39       0028F4
__ptext4                                  text4        002142
__ptext40                                 text40       002900
__ptext41                                 text41       002860
__ptext42                                 text42       00287A
__ptext43                                 text43       002894
__ptext44                                 text44       0028AE
__ptext45                                 text45       002914
__ptext46                                 text46       002918
__ptext47                                 text47       00291C
__ptext48                                 text48       002920
__ptext49                                 text49       002924
__ptext5                                  text5        002510
__ptext50                                 text50       002928
__ptext51                                 text51       00292C
__ptext52                                 text52       00293E
__ptext53                                 text53       002930
__ptext54                                 text54       002934
__ptext55                                 text55       002938
__ptext6                                  text6        001D0C
__ptext7                                  text7        00262C
__ptext8                                  text8        0020A6
__ptext9                                  text9        002458
__ramtop                                  ramtop       001000
__smallconst                              smallconst   001000
_abs                                      text18       00270C
_app_initialize                           text22       002740
_convert_uint8_to_string                  text12       00256A
_dbuf                                     bssBANK0     000080
_enter_password                           bssBANK0     0000B8
_flags                                    bssCOMRAM    00002F
_fputc                                    text16       001F58
_gpio_pin_direction_intialize             text32       001902
_gpio_pin_intialize                       text30       0023FA
_gpio_pin_read_logic                      text11       002002
_gpio_pin_write_logic                     text31       001A28
_green                                    dataCOMRAM   00007A
_key_pad_get                              text6        001D0C
_keypad_1                                 dataBANK0    0000E5
_keypad_get_value                         text10       001B38
_keypad_initialize                        text29       00232E
_keypad_values                            smallconst   001001
_lat_registers                            dataBANK0    0000C2
_lcd_2                                    dataBANK0    0000ED
_lcd_4bit_initialize                      text25       001C26
_lcd_4bit_send_command                    text26       0024B4
_lcd_4bit_send_data_char                  text9        002458
_lcd_4bit_send_data_char_posit            text7        00262C
_lcd_4bit_send_data_string                text5        002510
_lcd_4bit_send_data_string_posit          text4        002142
_lcd_send_4bit_command_data               text28       0022C0
_lcd_send_4bit_enable                     text27       0025EC
_lcd_set_cursor_4bit                      text8        0020A6
_led_intalize                             text24       00224E
_led_on                                   text3        0021D8
_main                                     text0        001462
_memset                                   text21       0027A4
_motor_1                                  dataCOMRAM   000078
_motor_2                                  dataCOMRAM   000076
_motor_initialize                         text23       0027D4
_motor_move_left                          text2        002832
_motor_move_right                         text1        002804
_num_of_incor                             bssCOMRAM    00003A
_port_registers                           dataBANK0    0000CC
_prec                                     bssBANK0     0000A8
_preload_val                              bssCOMRAM    000032
_preload_vall                             bssCOMRAM    000001
_preload_value                            bssCOMRAM    000005
_preload_value@hal_timer1$F3998           bssCOMRAM    000003
_putch                                    text17       00293C
_red                                      bssCOMRAM    00003B
_ret                                      bssCOMRAM    000031
_sprintf                                  text13       0026D8
_str                                      bssBANK0     0000BD
_tris_registers                           dataBANK0    0000D6
_value                                    bssCOMRAM    000030
_vfpfcnvrt                                text15       001740
_vfprintf                                 text14       0025AC
_width                                    bssBANK0     0000A6
abs@a                                     cstackCOMRAM 000043
btemp                                     temp         00007B
capture_read_value@F3164                  bssCOMRAM    000027
convert_uint8_to_string@num               cstackCOMRAM 000068
convert_uint8_to_string@str               cstackCOMRAM 000067
end_of_initialization                     cinit        0023F0
fputc@c                                   cstackCOMRAM 00003D
fputc@fp                                  cstackCOMRAM 00003F
gpio_pin_direction_intialize@__pin_t      cstackCOMRAM 00003D
gpio_pin_direction_intialize@ret          cstackCOMRAM 000043
gpio_pin_intialize@_pin_t                 cstackCOMRAM 000045
gpio_pin_intialize@ret                    cstackCOMRAM 000047
gpio_pin_read_logic@_pin_t                cstackCOMRAM 00003D
gpio_pin_read_logic@logic                 cstackCOMRAM 00003E
gpio_pin_read_logic@ret                   cstackCOMRAM 000043
gpio_pin_write_logic@_pin_t               cstackCOMRAM 00003D
gpio_pin_write_logic@logic                cstackCOMRAM 00003E
gpio_pin_write_logic@ret                  cstackCOMRAM 000044
int$flags                                 temp         00007B
int_func                                  intcode_body 00105C
intlevel0                                 text         000000
intlevel1                                 text         000000
intlevel2                                 text         000000
intlevel3                                 text         000000
isa$std                                   (abs)        000001
isa$xinst                                 (abs)        000000
key_pad_get@i                             cstackCOMRAM 000058
keypad_get_value@column_counter           cstackCOMRAM 00004C
keypad_get_value@keypad                   cstackCOMRAM 000045
keypad_get_value@l_counter                cstackCOMRAM 00004B
keypad_get_value@ret                      cstackCOMRAM 000048
keypad_get_value@ret_logic                cstackCOMRAM 000049
keypad_get_value@row_counter              cstackCOMRAM 00004A
keypad_get_value@value                    cstackCOMRAM 000046
keypad_initialize@column_counter          cstackCOMRAM 00004B
keypad_initialize@keypad                  cstackCOMRAM 000048
keypad_initialize@ret                     cstackCOMRAM 000049
keypad_initialize@row_counter             cstackCOMRAM 00004A
lcd_4bit_initialize@l_counter             cstackCOMRAM 00004D
lcd_4bit_initialize@lcd                   cstackCOMRAM 00004B
lcd_4bit_initialize@ret                   cstackCOMRAM 00004E
lcd_4bit_send_command@command             cstackCOMRAM 000049
lcd_4bit_send_command@lcd                 cstackCOMRAM 000048
lcd_4bit_send_command@ret                 cstackCOMRAM 00004A
lcd_4bit_send_data_char@data              cstackCOMRAM 000049
lcd_4bit_send_data_char@lcd               cstackCOMRAM 000048
lcd_4bit_send_data_char@ret               cstackCOMRAM 00004A
lcd_4bit_send_data_char_posit@colunm      cstackCOMRAM 000053
lcd_4bit_send_data_char_posit@data        cstackCOMRAM 000054
lcd_4bit_send_data_char_posit@lcd         cstackCOMRAM 000051
lcd_4bit_send_data_char_posit@ret         cstackCOMRAM 000055
lcd_4bit_send_data_char_posit@row         cstackCOMRAM 000052
lcd_4bit_send_data_string@data            cstackCOMRAM 00004C
lcd_4bit_send_data_string@lcd             cstackCOMRAM 00004B
lcd_4bit_send_data_string@ret             cstackCOMRAM 00004D
lcd_4bit_send_data_string_posit@colunm    cstackCOMRAM 000053
lcd_4bit_send_data_string_posit@data      cstackCOMRAM 000054
lcd_4bit_send_data_string_posit@lcd       cstackCOMRAM 000051
lcd_4bit_send_data_string_posit@ret       cstackCOMRAM 000056
lcd_4bit_send_data_string_posit@row       cstackCOMRAM 000052
lcd_send_4bit_command_data@data           cstackCOMRAM 000046
lcd_send_4bit_command_data@lcd            cstackCOMRAM 000045
lcd_send_4bit_command_data@ret            cstackCOMRAM 000047
lcd_send_4bit_enable@lcd                  cstackCOMRAM 000045
lcd_send_4bit_enable@ret                  cstackCOMRAM 000046
lcd_set_cursor_4bit@column                cstackCOMRAM 00004D
lcd_set_cursor_4bit@lcd                   cstackCOMRAM 00004B
lcd_set_cursor_4bit@ret                   cstackCOMRAM 000050
lcd_set_cursor_4bit@row                   cstackCOMRAM 00004C
led_intalize@F3054                        bssCOMRAM    000039
led_intalize@led                          cstackCOMRAM 000048
led_intalize@obj                          cstackCOMRAM 00004B
led_intalize@ret                          cstackCOMRAM 00004A
led_off@F3064                             bssCOMRAM    000037
led_on@F3059                              bssCOMRAM    000038
led_on@led                                cstackCOMRAM 000045
led_on@obj                                cstackCOMRAM 000048
led_on@ret                                cstackCOMRAM 000047
led_toggle@F3069                          bssCOMRAM    000036
main@i                                    cstackBANK0  0000F3
main@k                                    cstackBANK0  0000F5
memset@c                                  cstackCOMRAM 00003E
memset@dest                               cstackCOMRAM 00003D
memset@n                                  cstackCOMRAM 000040
memset@p                                  cstackCOMRAM 000042
motor_initialize@motor                    cstackCOMRAM 000048
motor_initialize@ret                      cstackCOMRAM 000049
motor_move_left@motor                     cstackCOMRAM 000045
motor_move_right@motor                    cstackCOMRAM 000045
relay_initalize@F3052                     bssCOMRAM    000035
relay_off@F3062                           bssCOMRAM    000033
relay_on@F3057                            bssCOMRAM    000034
spi_master_mode_configuration@F3131       dataCOMRAM   000071
spi_master_mode_configuration@F3133       dataCOMRAM   000070
spi_master_mode_configuration@F3135       dataCOMRAM   00006F
spi_slave_mode_configuration@F3139        dataCOMRAM   00006E
spi_slave_mode_configuration@F3141        dataCOMRAM   00006D
spi_slave_mode_configuration@F3143        dataCOMRAM   00006C
spi_slave_mode_configuration@F3145        dataCOMRAM   00006B
sprintf@ap                                cstackCOMRAM 00005A
sprintf@f                                 cstackCOMRAM 00005B
sprintf@fmt                               cstackCOMRAM 000057
sprintf@s                                 cstackCOMRAM 000056
stackhi                                   (abs)        000000
stacklo                                   (abs)        000000
start                                     init         00000E
start_initialization                      cinit        002398
ttemp5                                    temp         00007C
ttemp6                                    temp         00007F
ttemp7                                    temp         000083
vfpfcnvrt@ap                              cstackCOMRAM 000049
vfpfcnvrt@c                               cstackCOMRAM 000051
vfpfcnvrt@convarg                         cstackCOMRAM 00004D
vfpfcnvrt@cp                              cstackCOMRAM 00004C
vfpfcnvrt@done                            cstackCOMRAM 00004B
vfpfcnvrt@fmt                             cstackCOMRAM 000048
vfpfcnvrt@fp                              cstackCOMRAM 000047
vfprintf@ap                               cstackCOMRAM 000054
vfprintf@cfmt                             cstackCOMRAM 000055
vfprintf@fmt                              cstackCOMRAM 000053
vfprintf@fp                               cstackCOMRAM 000052
wtemp8                                    temp         00007C


MODULE INFORMATION

Module		Function		Class		Link	Load	Size
MCAL_Layer/MSSP_SPI/hal_spi.c
		_MSSP_Spi_ISR  		CODE           	2914	0000	4

MCAL_Layer/MSSP_SPI/hal_spi.c estimated size: 4

MCAL_Layer/MSSP_I2C/hal_i2c.c
		_I2C_BUS_COLLISION_ISR		CODE           	2928	0000	4
		_I2C_MODULE_TR_ISR		CODE           	2924	0000	4

MCAL_Layer/MSSP_I2C/hal_i2c.c estimated size: 8

MCAL_Layer/EEPROM/hal_eeprom.c
		_EEPROM_Read_Data		CODE           	26A2	0000	54
		_Wait_to_Cycle 		CODE           	28D8	0000	16
		_EEPROM_Write_Data		CODE           	2668	0000	58

MCAL_Layer/EEPROM/hal_eeprom.c estimated size: 128

ECU_Layer/DC_MOTOR/ecu_dc_motor.c
		_motor_move_left		CODE           	2832	0000	46
		_motor_move_right		CODE           	2804	0000	46
		_motor_initialize		CODE           	27D4	0000	48

ECU_Layer/DC_MOTOR/ecu_dc_motor.c estimated size: 140

ECU_Layer/CHR_LCD/ecu_chr_lcd.c
		_lcd_4bit_send_data_string_posit		CODE           	2142	0000	150
		_lcd_4bit_send_command		CODE           	24B4	0000	92
		_lcd_set_cursor_4bit		CODE           	20A6	0000	156
		_lcd_4bit_send_data_char		CODE           	2458	0000	92
		_lcd_4bit_send_data_string		CODE           	2510	0000	90
		_lcd_4bit_send_data_char_posit		CODE           	262C	0000	60
		_lcd_send_4bit_enable		CODE           	25EC	0000	64
		_lcd_4bit_initialize		CODE           	1C26	0000	230
		_convert_uint8_to_string		CODE           	256A	0000	66
		_lcd_send_4bit_command_data		CODE           	22C0	0000	110

ECU_Layer/CHR_LCD/ecu_chr_lcd.c estimated size: 1110

MCAL_Layer/TIMER3/hal_timer3.c
		_TMR3_ISR      		CODE           	28E8	0000	12

MCAL_Layer/TIMER3/hal_timer3.c estimated size: 12

MCAL_Layer/TIMER2/hal_timer2.c
		_TMR2_ISR      		CODE           	290C	0000	8

MCAL_Layer/TIMER2/hal_timer2.c estimated size: 8

MCAL_Layer/TIMER1/hal_timer1.c
		_TMR1_ISR      		CODE           	28F4	0000	12

MCAL_Layer/TIMER1/hal_timer1.c estimated size: 12

C:\Program Files\Microchip\xc8\v2.45\pic\sources\c99\common\nf_sprintf.c
		_sprintf       		CODE           	26D8	0000	52

C:\Program Files\Microchip\xc8\v2.45\pic\sources\c99\common\nf_sprintf.c estimated size: 52

MCAL_Layer/TIMER0/hal_timer0.c
		_TMR0_ISR      		CODE           	2900	0000	12

MCAL_Layer/TIMER0/hal_timer0.c estimated size: 12

ECU_Layer/KEYPAD/ecu_keypad.c
		_keypad_get_value		CODE           	1B38	0000	238
		_keypad_initialize		CODE           	232E	0000	106

ECU_Layer/KEYPAD/ecu_keypad.c estimated size: 344

C:\Program Files\Microchip\xc8\v2.45\pic\sources\c99\common\awmod.c
		___awmod       		CODE           	1EA8	0000	176

C:\Program Files\Microchip\xc8\v2.45\pic\sources\c99\common\awmod.c estimated size: 176

C:\Program Files\Microchip\xc8\v2.45\pic\sources\c99\common\putch.c
		_putch         		CODE           	293C	0000	2

C:\Program Files\Microchip\xc8\v2.45\pic\sources\c99\common\putch.c estimated size: 2

shared
		__initialization		CODE           	2398	0000	88
		_keypad_values 		SMALLCONST     	1001	0000	16

shared estimated size: 104

MCAL_Layer/EUSART/hal_usart.c
		_EUSART_RX_ASY_ISR		CODE           	293E	0000	2
		_EUSART_TX_ASY_ISR		CODE           	292C	0000	4

MCAL_Layer/EUSART/hal_usart.c estimated size: 6

MCAL_Layer/Interrupt/mcal_external_interrupt.c
		_RB4_ISR       		CODE           	28AE	0000	26
		_RB5_ISR       		CODE           	2894	0000	26
		_RB6_ISR       		CODE           	287A	0000	26
		_RB7_ISR       		CODE           	2860	0000	26
		_INT0_ISR      		CODE           	2920	0000	4
		_INT1_ISR      		CODE           	291C	0000	4
		_INT2_ISR      		CODE           	2918	0000	4

MCAL_Layer/Interrupt/mcal_external_interrupt.c estimated size: 116

C:\Program Files\Microchip\xc8\v2.45\pic\sources\c99\common\abs.c
		_abs           		CODE           	270C	0000	52

C:\Program Files\Microchip\xc8\v2.45\pic\sources\c99\common\abs.c estimated size: 52

MCAL_Layer/CPP1/hal_ccp.c
		_CCP1_ISR      		CODE           	2934	0000	4
		_CCP2_ISR      		CODE           	2930	0000	4

MCAL_Layer/CPP1/hal_ccp.c estimated size: 8

MCAL_Layer/ADC/hal_adc.c
		_ADC_ISR       		CODE           	2938	0000	4

MCAL_Layer/ADC/hal_adc.c estimated size: 4

MCAL_Layer/Interrupt/mcal_interrupt_manager.c
		_InterruptManager		CODE           	0008	0000	1036

MCAL_Layer/Interrupt/mcal_interrupt_manager.c estimated size: 1036

MCAL_Layer/GPIO/hal_gpio.c
		_gpio_pin_write_logic		CODE           	1A28	0000	272
		_gpio_pin_intialize		CODE           	23FA	0000	94
		_gpio_pin_read_logic		CODE           	2002	0000	164
		_gpio_pin_direction_intialize		CODE           	1902	0000	294

MCAL_Layer/GPIO/hal_gpio.c estimated size: 824

ECU_Layer/LED/ecu_led.c
		_led_intalize  		CODE           	224E	0000	114
		_led_on        		CODE           	21D8	0000	118

ECU_Layer/LED/ecu_led.c estimated size: 232

C:\Program Files\Microchip\xc8\v2.45\pic\sources\c99\common\memset.c
		_memset        		CODE           	27A4	0000	48

C:\Program Files\Microchip\xc8\v2.45\pic\sources\c99\common\memset.c estimated size: 48

application.c
		_key_pad_get   		CODE           	1D0C	0000	216
		_main          		CODE           	1462	0000	734
		_app_initialize		CODE           	2740	0000	50

application.c estimated size: 1000

C:\Program Files\Microchip\xc8\v2.45\pic\sources\c99\common\nf_fputc.c
		_fputc         		CODE           	1F58	0000	170

C:\Program Files\Microchip\xc8\v2.45\pic\sources\c99\common\nf_fputc.c estimated size: 170

C:\Program Files\Microchip\xc8\v2.45\pic\sources\c99\common\doprnt.c
		_vfpfcnvrt     		CODE           	1740	0000	450
		_vfprintf      		CODE           	25AC	0000	64

C:\Program Files\Microchip\xc8\v2.45\pic\sources\c99\common\doprnt.c estimated size: 514

C:\Program Files\Microchip\xc8\v2.45\pic\sources\c99\common\awdiv.c
		___awdiv       		CODE           	1DE4	0000	196

C:\Program Files\Microchip\xc8\v2.45\pic\sources\c99\common\awdiv.c estimated size: 196

